
=================================== ERRORS ====================================
________ ERROR collecting tests/integration/test_critical_fixes_v2.py _________
ImportError while importing test module 'C:\Users\zyade\polymarket\tests\integration\test_critical_fixes_v2.py'.
Hint: make sure your test modules/packages have valid Python names.
Traceback:
..\AppData\Local\Programs\Python\Python313\Lib\importlib\__init__.py:88: in import_module
    return _bootstrap._gcd_import(name[level:], package, level)
           ^^^^^^^^^^^^^^^^^^^^^^^^^^^^^^^^^^^^^^^^^^^^^^^^^^^^
tests\integration\test_critical_fixes_v2.py:14: in <module>
    from main_v2 import TradingBot
E   ModuleNotFoundError: No module named 'main_v2'
_______________ ERROR collecting tests/test_charlie_booster.py ________________
ImportError while importing test module 'C:\Users\zyade\polymarket\tests\test_charlie_booster.py'.
Hint: make sure your test modules/packages have valid Python names.
Traceback:
..\AppData\Local\Programs\Python\Python313\Lib\importlib\__init__.py:88: in import_module
    return _bootstrap._gcd_import(name[level:], package, level)
           ^^^^^^^^^^^^^^^^^^^^^^^^^^^^^^^^^^^^^^^^^^^^^^^^^^^^
tests\test_charlie_booster.py:3: in <module>
    from integrations.charlie_booster import CharliePredictionBooster
E   ImportError: cannot import name 'CharliePredictionBooster' from 'integrations.charlie_booster' (C:\Users\zyade\polymarket\integrations\charlie_booster.py)
___________ ERROR collecting tests/test_execution_risk_coverage.py ____________
ImportError while importing test module 'C:\Users\zyade\polymarket\tests\test_execution_risk_coverage.py'.
Hint: make sure your test modules/packages have valid Python names.
Traceback:
..\AppData\Local\Programs\Python\Python313\Lib\importlib\__init__.py:88: in import_module
    return _bootstrap._gcd_import(name[level:], package, level)
           ^^^^^^^^^^^^^^^^^^^^^^^^^^^^^^^^^^^^^^^^^^^^^^^^^^^^
tests\test_execution_risk_coverage.py:11: in <module>
    from execution.ultra_fast_executor import UltraFastExecutor
execution\ultra_fast_executor.py:16: in <module>
    from integrations.charlie_booster import CharliePredictionBooster
E   ImportError: cannot import name 'CharliePredictionBooster' from 'integrations.charlie_booster' (C:\Users\zyade\polymarket\integrations\charlie_booster.py)
______________ ERROR collecting tests/test_idempotency_stress.py ______________
ImportError while importing test module 'C:\Users\zyade\polymarket\tests\test_idempotency_stress.py'.
Hint: make sure your test modules/packages have valid Python names.
Traceback:
..\AppData\Local\Programs\Python\Python313\Lib\importlib\__init__.py:88: in import_module
    return _bootstrap._gcd_import(name[level:], package, level)
           ^^^^^^^^^^^^^^^^^^^^^^^^^^^^^^^^^^^^^^^^^^^^^^^^^^^^
tests\test_idempotency_stress.py:11: in <module>
    from execution.ultra_fast_executor import UltraFastExecutor
execution\ultra_fast_executor.py:16: in <module>
    from integrations.charlie_booster import CharliePredictionBooster
E   ImportError: cannot import name 'CharliePredictionBooster' from 'integrations.charlie_booster' (C:\Users\zyade\polymarket\integrations\charlie_booster.py)
_________ ERROR collecting tests/test_integration_capital_doubler.py __________
ImportError while importing test module 'C:\Users\zyade\polymarket\tests\test_integration_capital_doubler.py'.
Hint: make sure your test modules/packages have valid Python names.
Traceback:
..\AppData\Local\Programs\Python\Python313\Lib\importlib\__init__.py:88: in import_module
    return _bootstrap._gcd_import(name[level:], package, level)
           ^^^^^^^^^^^^^^^^^^^^^^^^^^^^^^^^^^^^^^^^^^^^^^^^^^^^
tests\test_integration_capital_doubler.py:8: in <module>
    from main_capital_doubler import CapitalDoublerBot
E   ModuleNotFoundError: No module named 'main_capital_doubler'
____________ ERROR collecting tests/test_integration_full_cycle.py ____________
ImportError while importing test module 'C:\Users\zyade\polymarket\tests\test_integration_full_cycle.py'.
Hint: make sure your test modules/packages have valid Python names.
Traceback:
..\AppData\Local\Programs\Python\Python313\Lib\importlib\__init__.py:88: in import_module
    return _bootstrap._gcd_import(name[level:], package, level)
           ^^^^^^^^^^^^^^^^^^^^^^^^^^^^^^^^^^^^^^^^^^^^^^^^^^^^
tests\test_integration_full_cycle.py:20: in <module>
    from execution.ultra_fast_executor import UltraFastExecutor
execution\ultra_fast_executor.py:16: in <module>
    from integrations.charlie_booster import CharliePredictionBooster
E   ImportError: cannot import name 'CharliePredictionBooster' from 'integrations.charlie_booster' (C:\Users\zyade\polymarket\integrations\charlie_booster.py)
_____________ ERROR collecting tests/test_ultra_fast_executor.py ______________
ImportError while importing test module 'C:\Users\zyade\polymarket\tests\test_ultra_fast_executor.py'.
Hint: make sure your test modules/packages have valid Python names.
Traceback:
..\AppData\Local\Programs\Python\Python313\Lib\importlib\__init__.py:88: in import_module
    return _bootstrap._gcd_import(name[level:], package, level)
           ^^^^^^^^^^^^^^^^^^^^^^^^^^^^^^^^^^^^^^^^^^^^^^^^^^^^
tests\test_ultra_fast_executor.py:8: in <module>
    from execution.ultra_fast_executor import UltraFastExecutor
execution\ultra_fast_executor.py:16: in <module>
    from integrations.charlie_booster import CharliePredictionBooster
E   ImportError: cannot import name 'CharliePredictionBooster' from 'integrations.charlie_booster' (C:\Users\zyade\polymarket\integrations\charlie_booster.py)
============================== warnings summary ===============================
.venv\Lib\site-packages\websockets\legacy\__init__.py:6
  C:\Users\zyade\polymarket\.venv\Lib\site-packages\websockets\legacy\__init__.py:6: DeprecationWarning: websockets.legacy is deprecated; see https://websockets.readthedocs.io/en/stable/howto/upgrade.html for upgrade instructions
    warnings.warn(  # deprecated in 14.0 - 2024-11-09

validation\models.py:321
  C:\Users\zyade\polymarket\validation\models.py:321: PydanticDeprecatedSince20: `min_items` is deprecated and will be removed, use `min_length` instead. Deprecated in Pydantic V2.0 to be removed in V3.0. See Pydantic V2 Migration Guide at https://errors.pydantic.dev/2.12/migration/
    lines: List[Dict[str, Any]] = Field(..., min_items=2)

validation\models.py:347
  C:\Users\zyade\polymarket\validation\models.py:347: PydanticDeprecatedSince20: Support for class-based `config` is deprecated, use ConfigDict instead. Deprecated in Pydantic V2.0 to be removed in V3.0. See Pydantic V2 Migration Guide at https://errors.pydantic.dev/2.12/migration/
    class TradingConfig(BaseSettings):

validation\models.py:402
  C:\Users\zyade\polymarket\validation\models.py:402: PydanticDeprecatedSince20: Support for class-based `config` is deprecated, use ConfigDict instead. Deprecated in Pydantic V2.0 to be removed in V3.0. See Pydantic V2 Migration Guide at https://errors.pydantic.dev/2.12/migration/
    class APICredentials(BaseSettings):

-- Docs: https://docs.pytest.org/en/stable/how-to/capture-warnings.html
=========================== short test summary info ===========================
ERROR tests/integration/test_critical_fixes_v2.py
ERROR tests/test_charlie_booster.py
ERROR tests/test_execution_risk_coverage.py
ERROR tests/test_idempotency_stress.py
ERROR tests/test_integration_capital_doubler.py
ERROR tests/test_integration_full_cycle.py
ERROR tests/test_ultra_fast_executor.py
!!!!!!!!!!!!!!!!!!! Interrupted: 7 errors during collection !!!!!!!!!!!!!!!!!!!
4 warnings, 7 errors in 7.45s
